
R version 4.3.3 (2024-02-29) -- "Angel Food Cake"
Copyright (C) 2024 The R Foundation for Statistical Computing
Platform: x86_64-pc-linux-gnu (64-bit)

R is free software and comes with ABSOLUTELY NO WARRANTY.
You are welcome to redistribute it under certain conditions.
Type 'license()' or 'licence()' for distribution details.

R is a collaborative project with many contributors.
Type 'contributors()' for more information and
'citation()' on how to cite R or R packages in publications.

Type 'demo()' for some demos, 'help()' for on-line help, or
'help.start()' for an HTML browser interface to help.
Type 'q()' to quit R.

> ## This file is part of SimInf, a framework for stochastic
> ## disease spread simulations.
> ##
> ## Copyright (C) 2015 -- 2020 Stefan Widgren
> ##
> ## SimInf is free software: you can redistribute it and/or modify
> ## it under the terms of the GNU General Public License as published by
> ## the Free Software Foundation, either version 3 of the License, or
> ## (at your option) any later version.
> ##
> ## SimInf is distributed in the hope that it will be useful,
> ## but WITHOUT ANY WARRANTY; without even the implied warranty of
> ## MERCHANTABILITY or FITNESS FOR A PARTICULAR PURPOSE.  See the
> ## GNU General Public License for more details.
> ##
> ## You should have received a copy of the GNU General Public License
> ## along with this program.  If not, see <https://www.gnu.org/licenses/>.
> 
> library(SimInf)
> library(tools)
> source("util/check.R")
> 
> stopifnot(identical(
+     SimInf:::match_compartments(compartments = ~S + I,
+                                 ok_combine = FALSE,
+                                 ok_lhs = FALSE,
+                                 U = c("S", "I", "R"),
+                                 V = "phi"),
+     list(lhs = NULL,
+          rhs = list(
+              U = structure(
+                  1:2,
+                  .Names = c("S", "I"),
+                  available_compartments = c("S", "I", "R")),
+              V = structure(
+                  integer(0),
+                  .Names = character(0),
+                  available_compartments = "phi")),
+          condition = NULL)))
> 
> res <- assertError(
+     SimInf:::match_compartments(compartments = ~S + I + phi,
+                                 ok_combine = FALSE,
+                                 ok_lhs = FALSE,
+                                 U = c("S", "I", "R"),
+                                 V = "phi"))
> check_error(res, "Cannot combine data from different slots.")
> 
> res <- assertError(
+     SimInf:::match_compartments(compartments = phi ~ S + I,
+                                 ok_combine = FALSE,
+                                 ok_lhs = TRUE,
+                                 U = c("S", "I", "R"),
+                                 V = "phi"))
> check_error(res, "Cannot combine data from different slots.")
> 
> stopifnot(identical(
+     SimInf:::match_compartments(compartments = ~S + I + phi,
+                                 ok_combine = TRUE,
+                                 ok_lhs = FALSE,
+                                 U = c("S", "I", "R"),
+                                 V = "phi"),
+     list(lhs = NULL,
+          rhs = list(
+              U = structure(
+                  1:2,
+                  .Names = c("S", "I"),
+                  available_compartments = c("S", "I", "R")),
+              V = structure(
+                  c(phi = 1L),
+                  available_compartments = "phi")),
+          condition = NULL)))
> 
> res <- assertError(
+     SimInf:::match_compartments(compartments = ~S + I + phi + test,
+                                 ok_combine = TRUE,
+                                 ok_lhs = FALSE,
+                                 U = c("S", "I", "R"),
+                                 V = "phi"))
> check_error(res, "Non-existing compartment(s) in model: 'test'.")
> 
> stopifnot(identical(
+     SimInf:::match_compartments(compartments = I ~ S + I + R,
+                                 ok_combine = FALSE,
+                                 ok_lhs = TRUE,
+                                 U = c("S", "I", "R"),
+                                 V = "phi"),
+     list(lhs = list(
+              U = structure(
+                  c(I = 2L),
+                  available_compartments = c("S", "I", "R")),
+              V = structure(
+                  integer(0),
+                  .Names = character(0),
+                  available_compartments = "phi")),
+          rhs = list(
+              U = structure(
+                  1:3,
+                  .Names = c("S", "I", "R"),
+                  available_compartments = c("S", "I", "R")),
+              V = structure(
+                  integer(0),
+                  .Names = character(0),
+                  available_compartments = "phi")),
+          condition = NULL)))
> 
> stopifnot(identical(
+     SimInf:::match_compartments(compartments = I ~ S + I | R == 0,
+                                 ok_combine = FALSE,
+                                 ok_lhs = TRUE,
+                                 U = c("S", "I", "R"),
+                                 V = "phi"),
+     list(lhs = list(
+              U = structure(
+                  c(I = 2L),
+                  available_compartments = c("S", "I", "R")),
+              V = structure(
+                  integer(0),
+                  .Names = character(0),
+                  available_compartments = "phi")),
+          rhs = list(
+              U = structure(
+                  1:2,
+                  .Names = c("S", "I"),
+                  available_compartments = c("S", "I", "R")),
+              V = structure(
+                  integer(0),
+                  .Names = character(0),
+                  available_compartments = "phi")),
+          condition = "R == 0")))
> 
> stopifnot(identical(
+     SimInf:::match_compartments(compartments = ~ S | R == 0,
+                                 ok_combine = FALSE,
+                                 ok_lhs = FALSE,
+                                 U = c("S", "I", "R"),
+                                 V = NULL),
+     list(lhs = NULL,
+          rhs = list(
+              U = structure(
+                  c(S = 1L),
+                  available_compartments = c("S", "I", "R")),
+              V = integer(0)),
+          condition = "R == 0")))
> 
> stopifnot(identical(
+     SimInf:::match_compartments(compartments = c("S", "E", "I", "R"),
+                                 ok_combine = FALSE,
+                                 ok_lhs = FALSE,
+                                 U = c("S", "E", "I", "R"),
+                                 V = NULL),
+     list(lhs = NULL,
+          rhs = list(
+              U = structure(
+                  1:4,
+                  .Names = c("S", "E", "I", "R"),
+                  available_compartments = c("S", "E", "I", "R")),
+              V = integer(0)),
+          condition = NULL)))
> 
> stopifnot(identical(
+     SimInf:::match_compartments(compartments = c(" S ", " E", "I ", "R"),
+                                 ok_combine = FALSE,
+                                 ok_lhs = FALSE,
+                                 U = c("S", "E", "I", "R"),
+                                 V = NULL),
+     list(lhs = NULL,
+          rhs = list(
+              U = structure(
+                  1:4,
+                  .Names = c("S", "E", "I", "R"),
+                  available_compartments = c("S", "E", "I", "R")),
+              V = integer(0)),
+          condition = NULL)))
> 
> stopifnot(identical(
+     SimInf:::match_compartments(compartments = ~ .,
+                                 ok_combine = FALSE,
+                                 ok_lhs = FALSE,
+                                 U = c("S", "I", "R"),
+                                 V = "phi"),
+     list(lhs = NULL,
+          rhs = list(
+              U = structure(
+                  1:3,
+                  .Names = c("S", "I", "R"),
+                  available_compartments = c("S", "I", "R")),
+              V = structure(
+                  integer(0),
+                  .Names = character(0),
+                  available_compartments = "phi")),
+          condition = NULL)))
> 
> stopifnot(identical(
+     SimInf:::match_compartments(compartments = ~ .,
+                                 ok_combine = TRUE,
+                                 ok_lhs = FALSE,
+                                 U = c("S", "I", "R"),
+                                 V = "phi"),
+     list(lhs = NULL,
+          rhs = list(
+              U = structure(
+                  1:3,
+                  .Names = c("S", "I", "R"),
+                  available_compartments = c("S", "I", "R")),
+              V = structure(
+                  c(phi = 1L),
+                  available_compartments = "phi")),
+          condition = NULL)))
> 
> res <- assertError(SimInf:::parse_formula_item(""))
> check_error(res, "No compartments in formula specification.")
> 
> stopifnot(identical(
+     SimInf:::match_compartments(compartments = D ~ .,
+                                 ok_combine = FALSE,
+                                 ok_lhs = TRUE,
+                                 U = c("A", "B", "C"),
+                                 V = c("D", "E", "F")),
+     list(lhs = list(
+              U = structure(
+                  integer(0),
+                  .Names = character(0),
+                  available_compartments = c("A", "B", "C")),
+              V = structure(
+                  c(D = 1L),
+                  available_compartments = c("D", "E", "F"))),
+          rhs = list(
+              U = structure(
+                  integer(0),
+                  .Names = character(0),
+                  available_compartments = c("A", "B", "C")),
+              V = structure(
+                  1:3,
+                  .Names = c("D", "E", "F"),
+                  available_compartments = c("D", "E", "F"))),
+          condition = NULL)))
> 
> stopifnot(identical(
+     SimInf:::match_compartments(compartments = . ~ D,
+                                 ok_combine = FALSE,
+                                 ok_lhs = TRUE,
+                                 U = c("A", "B", "C"),
+                                 V = c("D", "E", "F")),
+     list(lhs = list(
+              U = structure(
+                  integer(0),
+                  .Names = character(0),
+                  available_compartments = c("A", "B", "C")),
+              V = structure(
+                  1:3,
+                  .Names = c("D", "E", "F"),
+                  available_compartments = c("D", "E", "F"))),
+          rhs = list(
+              U = structure(
+                  integer(0),
+                  .Names = character(0),
+                  available_compartments = c("A", "B", "C")),
+              V = structure(
+                  c(D = 1L),
+                  available_compartments = c("D", "E", "F"))),
+          condition = NULL)))
> 
> stopifnot(identical(
+     SimInf:::match_compartments(compartments = . ~ .,
+                                 ok_combine = FALSE,
+                                 ok_lhs = TRUE,
+                                 U = c("A", "B", "C"),
+                                 V = c("D", "E", "F")),
+     list(lhs = list(
+              U = structure(
+                  1:3,
+                  .Names = c("A", "B", "C"),
+                  available_compartments = c("A", "B", "C")),
+              V = structure(
+                  integer(0),
+                  .Names = character(0),
+                  available_compartments = c("D", "E", "F"))),
+          rhs = list(
+              U = structure(
+                  1:3,
+                  .Names = c("A", "B", "C"),
+                  available_compartments = c("A", "B", "C")),
+              V = structure(
+                  integer(0),
+                  .Names = character(0),
+                  available_compartments = c("D", "E", "F"))),
+          condition = NULL)))
> 
> proc.time()
   user  system elapsed 
  1.000   0.071   1.063 
